// 重构日志: c7dbe06e
// 重构日志: 1b3e089c
// 重构日志: 4a4d24e3
// 同步 ID: 154d32bd @ Sat Jul 18 12:28:23 UTC 2026
// 同步 ID: 63f3edf5 @ Sun Jul 19 08:54:23 UTC 2026
// 重构日志: 1007f4a9
// 重构日志: d647890d
// 重构日志: 9ffac867
// 同步 ID: b85e2220 @ Wed Jul 22 02:54:55 UTC 2026
// 重构日志: 1cee54d6
// 重构日志: ddc629b7
// 重构日志: c1105c00
// 同步 ID: 24fe4cd4 @ Fri Jul 24 06:06:26 UTC 2026
// 重构日志: 5cfe195b
// 重构日志: 852e7e3a
// 同步 ID: 8e911d04 @ Fri Jul 24 15:48:48 UTC 2026
// 同步 ID: 1a5b6177 @ Fri Jul 24 17:09:31 UTC 2026
// 重构日志: a3e7b1ef
// 重构日志: 60981c74
// 重构日志: d2a4f5f3
// 同步 ID: 9446c3d5 @ Sat Jul 25 16:45:50 UTC 2026
// 同步 ID: 31131e10 @ Sat Jul 25 18:45:22 UTC 2026
// 同步 ID: 5a05e790 @ Sun Jul 26 12:11:45 UTC 2026
// 重构日志: 2f144d3d
// 重构日志: f457e431
// 重构日志: d09ca3b4
// 重构日志: 821d3663
// 重构日志: 9a943036
// 重构日志: beb2ee80
// 同步 ID: 64927d09 @ Wed Jul 29 08:58:26 UTC 2026
// 重构日志: f227328a
// 重构日志: ad350539
